version https://git-lfs.github.com/spec/v1
oid sha256:1a4b89ddaf64328edd867f5508532f37748bfd825e1830483a4805a9213c8e65
size 46016
