version https://git-lfs.github.com/spec/v1
oid sha256:a15ab0ddc4d256b82f921b54661994812ca476fa8dedaf7ca82b5f7f24dadd41
size 45911
