version https://git-lfs.github.com/spec/v1
oid sha256:c2be14a5c38f4183443fb184329c433322241ec3d306f5a90c0b1bff609c5f20
size 222273
