version https://git-lfs.github.com/spec/v1
oid sha256:eff09088ab40be5fdfbf0f976a2ea3b2bfa31590a575d3590dee3b935cdbeec2
size 221835
