version https://git-lfs.github.com/spec/v1
oid sha256:5edac5ed5d4a2532a2465ab7fcb9afe9474de49818f2efb45f538bd5c50af130
size 46041
