version https://git-lfs.github.com/spec/v1
oid sha256:145dc56549b76072bacacf939570386e20cdb6b723b89335a56c048c331a9acd
size 46268
