version https://git-lfs.github.com/spec/v1
oid sha256:61f4aba261d07e04a305ad715cb41ae2e54ba6d5eaeb4d56a47740145a398bac
size 221851
