version https://git-lfs.github.com/spec/v1
oid sha256:cec748875ae8cb7c23ddac2ef809f15dcaa7f650f96362966b6ca702d9f95e1a
size 46090
