version https://git-lfs.github.com/spec/v1
oid sha256:37bcdca40ee22b404c21421c15e98967aa9212dac9b1f7af0542ce33f56dea96
size 222055
