version https://git-lfs.github.com/spec/v1
oid sha256:e8bd5f08f51880c6b42cb506a5ad62b6c3d8da87d612c112f2f49f622def2aff
size 45983
