version https://git-lfs.github.com/spec/v1
oid sha256:dfe32cd7eb612413f6560f655be2562598f3bba5119e14a3e08b7674baf563d8
size 45966
