version https://git-lfs.github.com/spec/v1
oid sha256:0f690292c17d6b6665510ccec6a4fb5985e0c1a6bcf505c7807e9c9fb3193bc3
size 221837
