version https://git-lfs.github.com/spec/v1
oid sha256:2127633c7bec73f96a4064bacb49b66a58ec4a6a4e6d0e203b6b540b8a349b91
size 222053
