version https://git-lfs.github.com/spec/v1
oid sha256:be648cc4127f495cb47b267df7c85cde43ddebd874b77c08665ea9a0f4c7b81d
size 221838
