version https://git-lfs.github.com/spec/v1
oid sha256:fc715cd43fc5829d7db328a9910ba67ae2e421cecb53064b14582e0a9cd505d9
size 222078
