version https://git-lfs.github.com/spec/v1
oid sha256:a5c6b47951c4e91257f4e41f10f45540be55d8863a85812512d54382e5d59b0c
size 222068
