version https://git-lfs.github.com/spec/v1
oid sha256:95a440b924d0ebd9277d03b2a2524f47a5af05112dffcc9b0c81989ce74d2da5
size 46028
