version https://git-lfs.github.com/spec/v1
oid sha256:b6b7dafa7b7899ca9081c389c6def0670cde4eda341a07602889922418b76e41
size 222287
