version https://git-lfs.github.com/spec/v1
oid sha256:681cf254b1e283d7f5afbcb40bec249cdde743ab83adf91fe03fe54c418b7773
size 358
