version https://git-lfs.github.com/spec/v1
oid sha256:ba9c6497eb6a37575879f2182c8087c9863216811f75096853bba65c87420dc6
size 360
