version https://git-lfs.github.com/spec/v1
oid sha256:bbe1c779c0f5da3724cf3b9a8656729769cb1f4693c8533a9591613b405747ee
size 46004
