version https://git-lfs.github.com/spec/v1
oid sha256:3a7c943605492eb654528c85a26615a65cb1b5719292b26194dc5a83870c043c
size 46185
