version https://git-lfs.github.com/spec/v1
oid sha256:851317b6dcc43c4e378d38d1c0aeea05a490cd02f2d1fbfeebfe4e9680a0cc0a
size 222065
