version https://git-lfs.github.com/spec/v1
oid sha256:b4737576d59861fec2fadf0eb0d2ef5f3ea01e7b620a808ace88db52c0f53ecb
size 45978
