version https://git-lfs.github.com/spec/v1
oid sha256:809843ff273202ba1c4da00c0a5beb931350a076a31ef02db45ad55861b14cb9
size 2500
