version https://git-lfs.github.com/spec/v1
oid sha256:326170d933bd3005e8a4bf1459908e21f2e8d6d35216956a6e23461d56829332
size 45984
