version https://git-lfs.github.com/spec/v1
oid sha256:07558721d0c40cb80f045c0529ffeb4ef3711240f223792efa300eb8329df617
size 222061
