slurm_job_id:10865955
slurm_job_name:13x13x13
slurm_job_nodelist:c24a-s[38,42],c24b-s37
slurm_job_num_nodes:3
slurm_cpus_on_node:5
slurm_ntasks:16
working directory:/home/eragasa/work/MgO_vasp_converge_kpoints/13x13x13
hostname:c24a-s38.ufhpc
start_time:Tue Aug 29 21:13:50 EDT 2017
end_time:Tue Aug 29 21:14:03 EDT 2017
