version https://git-lfs.github.com/spec/v1
oid sha256:cd6a3429a24351ae7a1dd5753d149c742e58a46a71296e4fbba5f2a65ddbd2dc
size 222067
