version https://git-lfs.github.com/spec/v1
oid sha256:479c9983276b6bd6a90c0c5b40bfd617386c8d899562eff8c1f844cf02a242d3
size 221829
