version https://git-lfs.github.com/spec/v1
oid sha256:55c1d69007a0bf1ffb05a306f7c276ceb87d146d33f3d917143dd0cdbe6d4f51
size 222084
