version https://git-lfs.github.com/spec/v1
oid sha256:99def362fea2c245364e3ffc9ac6c634afe6d84c6839407816cda66efb39fc15
size 222060
