version https://git-lfs.github.com/spec/v1
oid sha256:c888d2d1fbdb949d1e0a2aa5644b5c28451916958f9943470f4eb5ddef35ba9b
size 1697264
