version https://git-lfs.github.com/spec/v1
oid sha256:7aa2cde5a8cd8e6b8a2fed27cd8ce3dcba27df84dcecc63a98fe1289f6e89a03
size 45989
