version https://git-lfs.github.com/spec/v1
oid sha256:11d116afb2ff8a7e5fc223744814341c45d38f98e83eda7411735791576230f8
size 222057
