version https://git-lfs.github.com/spec/v1
oid sha256:ceaeae562686cffc9165fd6ed8a9bb99e4f73885a546da5046f243d275ad59ee
size 222080
