version https://git-lfs.github.com/spec/v1
oid sha256:f486020641dde51a12a5feb99a174ebe6fef074b149c11e6c84141711eebfffc
size 222061
