version https://git-lfs.github.com/spec/v1
oid sha256:f5f92922f025af1cccc5d22cabef1d3f24473b0fda254e611a26eb62f56c39b8
size 2183098
