version https://git-lfs.github.com/spec/v1
oid sha256:38eeb34dd6ea2ecfa08248b4b66d3d512c73b535b9c8f09af441a65a11ded45a
size 221817
