version https://git-lfs.github.com/spec/v1
oid sha256:666fa875139b1908abcb67ea69734f8c95b560559dcc78a7930c1310dc22f0ea
size 45948
