version https://git-lfs.github.com/spec/v1
oid sha256:9771e613a8cd9aac57ab542bbb321ba1b3869620eb23679e777941d7cea94b7f
size 222068
