version https://git-lfs.github.com/spec/v1
oid sha256:3931833ee9e74c41008ceb88c3c2258c45443419637f537b5fa60e8876cd6ba0
size 46113
