version https://git-lfs.github.com/spec/v1
oid sha256:9514c152c0d1e5de6ca6302ed114bf0821f51dd6855ee296c3d21b82d4e82f2d
size 222277
