version https://git-lfs.github.com/spec/v1
oid sha256:5625063abb093a600846cc2b39a1addadfe94d89d17d81f8671264f7dddbff0e
size 222032
