version https://git-lfs.github.com/spec/v1
oid sha256:b0f72f941ed8c1641a11397b29ab5edd1ba5788512f42e71a1f32741517e2622
size 45971
