version https://git-lfs.github.com/spec/v1
oid sha256:3c25b9d1a6eb58e0e14bffcd7fec9cf61d605b92943aabcb8b35114562f55f70
size 221842
