version https://git-lfs.github.com/spec/v1
oid sha256:43053c60adffdbda7b0fe27f6367b5f80e31af4119bbf66fc339b4643d7b5e11
size 45942
