version https://git-lfs.github.com/spec/v1
oid sha256:b7d13046abed165fea41277b47e3b8a1a0a4dbb486a1a7839d59b46873b46ed9
size 222090
