version https://git-lfs.github.com/spec/v1
oid sha256:415f8cefc4d1f31fc9d8574b6306742a09cb7360432743bd32f36d0ace045493
size 222055
