version https://git-lfs.github.com/spec/v1
oid sha256:94789283ab9147f46ace8ae8786bf7ab02ba9abb79f5070fe2528c81fda9b280
size 45928
